// Jest Snapshot v1, https://goo.gl/fbAQLP

exports[`SearchBar Component matches snapshot 1`] = `
<DocumentFragment>
  <div
    class="search-bar"
  >
    <input
      placeholder="Buscar productos..."
      type="search"
    />
  </div>
</DocumentFragment>
`;
