// Jest Snapshot v1, https://goo.gl/fbAQLP

exports[`Button Component matches snapshot 1`] = `
<DocumentFragment>
  <button
    class="btn custom-class btn-disabled"
    disabled=""
    type="button"
  >
    Snapshot Button
  </button>
</DocumentFragment>
`;
