// Jest Snapshot v1, https://goo.gl/fbAQLP

exports[`Paginator Component matches snapshot 1`] = `
<DocumentFragment>
  <div
    class="paginator-container"
  >
    <button>
      &lt;
    </button>
    <div
      id="paginator-content__number"
    >
      Page 3 of 5
    </div>
    <button>
      &gt;
    </button>
  </div>
</DocumentFragment>
`;
