// Jest Snapshot v1, https://goo.gl/fbAQLP

exports[`CartTable Component matches snapshot 1`] = `
<DocumentFragment>
  <div
    class="cart-table-container"
  >
    <table
      class="cart-table"
    >
      <thead>
        <tr>
          <th>
            Producto
          </th>
          <th>
            Nombre
          </th>
          <th>
            Precio
          </th>
          <th>
            Cantidad
          </th>
          <th>
            Eliminar
          </th>
        </tr>
      </thead>
      <tbody>
        <tr
          data-testid="cart-item"
        />
        <tr
          data-testid="cart-item"
        />
      </tbody>
    </table>
  </div>
</DocumentFragment>
`;
